// Jest Snapshot v1, https://goo.gl/fbAQLP

exports[`<TaskItem /> should renders the component 1`] = `
<div
  class="makeStyles-root-2"
  data-testid="task-1"
>
  <div
    aria-disabled="false"
    class="MuiButtonBase-root MuiListItem-root makeStyles-task-3 MuiListItem-gutters MuiListItem-button"
    role="button"
    tabindex="0"
  >
    <div
      class="makeStyles-wrapper-4"
    >
      <button
        class="MuiButtonBase-root MuiIconButton-root MuiIconButton-colorPrimary"
        tabindex="0"
        type="button"
      >
        <span
          class="MuiIconButton-label"
        >
          <svg
            aria-hidden="true"
            aria-label="undone"
            class="MuiSvgIcon-root"
            data-testid="undone-1"
            focusable="false"
            viewBox="0 0 24 24"
          >
            <path
              d="M16.59 7.58L10 14.17l-3.59-3.58L5 12l5 5 8-8zM12 2C6.48 2 2 6.48 2 12s4.48 10 10 10 10-4.48 10-10S17.52 2 12 2zm0 18c-4.42 0-8-3.58-8-8s3.58-8 8-8 8 3.58 8 8-3.58 8-8 8z"
            />
          </svg>
        </span>
        <span
          class="MuiTouchRipple-root"
        />
      </button>
      <div
        class="MuiListItemText-root makeStyles-listItemText-7"
      >
        <span
          class="MuiTypography-root MuiListItemText-primary makeStyles-primaryText-8 MuiTypography-body1 MuiTypography-displayBlock"
        >
          First task
        </span>
      </div>
    </div>
    <div
      class="makeStyles-root-10"
    >
      <button
        aria-label="add"
        class="MuiButtonBase-root MuiIconButton-root MuiIconButton-colorPrimary"
        data-testid="add-1"
        tabindex="0"
        type="button"
      >
        <span
          class="MuiIconButton-label"
        >
          <svg
            aria-hidden="true"
            class="MuiSvgIcon-root"
            focusable="false"
            viewBox="0 0 24 24"
          >
            <path
              d="M13 7h-2v4H7v2h4v4h2v-4h4v-2h-4V7zm-1-5C6.48 2 2 6.48 2 12s4.48 10 10 10 10-4.48 10-10S17.52 2 12 2zm0 18c-4.41 0-8-3.59-8-8s3.59-8 8-8 8 3.59 8 8-3.59 8-8 8z"
            />
          </svg>
        </span>
        <span
          class="MuiTouchRipple-root"
        />
      </button>
      <button
        aria-label="edit"
        class="MuiButtonBase-root MuiIconButton-root MuiIconButton-colorPrimary"
        data-testid="edit-1"
        tabindex="0"
        type="button"
      >
        <span
          class="MuiIconButton-label"
        >
          <svg
            aria-hidden="true"
            class="MuiSvgIcon-root"
            focusable="false"
            viewBox="0 0 24 24"
          >
            <path
              d="M3 17.25V21h3.75L17.81 9.94l-3.75-3.75L3 17.25zM20.71 7.04c.39-.39.39-1.02 0-1.41l-2.34-2.34a.9959.9959 0 00-1.41 0l-1.83 1.83 3.75 3.75 1.83-1.83z"
            />
          </svg>
        </span>
        <span
          class="MuiTouchRipple-root"
        />
      </button>
      <button
        aria-label="delete"
        class="MuiButtonBase-root MuiIconButton-root MuiIconButton-colorPrimary MuiIconButton-edgeEnd"
        data-testid="delete-1"
        tabindex="0"
        type="button"
      >
        <span
          class="MuiIconButton-label"
        >
          <svg
            aria-hidden="true"
            class="MuiSvgIcon-root"
            focusable="false"
            viewBox="0 0 24 24"
          >
            <path
              d="M6 19c0 1.1.9 2 2 2h8c1.1 0 2-.9 2-2V7H6v12zM19 4h-3.5l-1-1h-5l-1 1H5v2h14V4z"
            />
          </svg>
        </span>
        <span
          class="MuiTouchRipple-root"
        />
      </button>
    </div>
    <span
      class="MuiTouchRipple-root"
    />
  </div>
</div>
`;
